In Final, found A
In NeedB, found something other than B
In Error
In Error
In Error, exiting.
