In Final, found A
In NeedB, found B
In Final, found A
In NeedB, found B
In Final, exiting.
